// Jest Snapshot v1, https://goo.gl/fbAQLP

exports[`dnstwist basic test 1`] = `Array []`;
